[ERROR] 2024-09-21 23:48:56.166 [main] LoggerLoad - When1
[ERROR] 2024-09-22 12:40:44.811 [main] LoggerLoad - print"Hello"
[ERROR] 2024-09-23 06:01:43.828 [TestNG-PoolService-1] LoggerLoad - print"Hello"
[ERROR] 2024-09-23 12:32:24.533 [main] LoggerLoad - print"Hello"
[ERROR] 2024-09-25 14:41:52.323 [main] LoggerLoad - alert not present in try editor
[ERROR] 2024-09-25 14:41:56.663 [main] LoggerLoad - alert not present in try editor
[ERROR] 2024-09-25 16:39:12.595 [main] LoggerLoad - alert not present in try editor
[ERROR] 2024-09-25 16:39:15.867 [main] LoggerLoad - alert not present in try editor
[ERROR] 2024-09-25 16:39:45.169 [main] LoggerLoad - alert not present in try editor
[ERROR] 2024-09-25 16:39:48.365 [main] LoggerLoad - alert not present in try editor
[ERROR] 2024-09-25 16:40:03.823 [main] LoggerLoad - alert not present in try editor
[ERROR] 2024-09-25 16:40:08.260 [main] LoggerLoad - alert not present in try editor
[ERROR] 2024-09-25 16:40:24.679 [main] LoggerLoad - alert not present in try editor
[ERROR] 2024-09-25 16:40:27.948 [main] LoggerLoad - alert not present in try editor
[ERROR] 2024-09-26 16:36:43.475 [main] LoggerLoad - alert not present in try editor
[ERROR] 2024-09-26 16:36:47.860 [main] LoggerLoad - alert not present in try editor
[ERROR] 2024-09-26 16:37:24.535 [main] LoggerLoad - alert not present in try editor
[ERROR] 2024-09-26 16:37:28.254 [main] LoggerLoad - alert not present in try editor
[ERROR] 2024-09-26 16:37:45.664 [main] LoggerLoad - alert not present in try editor
[ERROR] 2024-09-26 16:37:49.293 [main] LoggerLoad - alert not present in try editor
[ERROR] 2024-09-26 16:38:07.252 [main] LoggerLoad - alert not present in try editor
[ERROR] 2024-09-26 16:38:11.174 [main] LoggerLoad - alert not present in try editor
[ERROR] 2024-09-26 16:49:17.441 [main] LoggerLoad - alert not present in try editor
[ERROR] 2024-09-26 16:49:21.685 [main] LoggerLoad - alert not present in try editor
[ERROR] 2024-09-26 16:49:53.017 [main] LoggerLoad - alert not present in try editor
[ERROR] 2024-09-26 16:49:56.565 [main] LoggerLoad - alert not present in try editor
[ERROR] 2024-09-26 16:50:12.872 [main] LoggerLoad - alert not present in try editor
[ERROR] 2024-09-26 16:50:16.329 [main] LoggerLoad - alert not present in try editor
[ERROR] 2024-09-26 16:50:33.195 [main] LoggerLoad - alert not present in try editor
[ERROR] 2024-09-26 16:50:36.701 [main] LoggerLoad - alert not present in try editor
[ERROR] 2024-09-26 16:57:57.668 [main] LoggerLoad - alert not present in try editor
[ERROR] 2024-09-26 16:58:01.401 [main] LoggerLoad - alert not present in try editor
[ERROR] 2024-09-26 16:58:35.443 [main] LoggerLoad - alert not present in try editor
[ERROR] 2024-09-26 16:58:40.849 [main] LoggerLoad - alert not present in try editor
[ERROR] 2024-09-26 16:59:02.689 [main] LoggerLoad - alert not present in try editor
[ERROR] 2024-09-26 16:59:06.419 [main] LoggerLoad - alert not present in try editor
[ERROR] 2024-09-26 16:59:23.519 [main] LoggerLoad - alert not present in try editor
[ERROR] 2024-09-26 16:59:26.923 [main] LoggerLoad - alert not present in try editor
[ERROR] 2024-09-27 10:50:09.166 [main] LoggerLoad - alert not present in try editor
[ERROR] 2024-09-27 10:50:13.113 [main] LoggerLoad - alert not present in try editor
[ERROR] 2024-09-27 10:51:04.477 [main] LoggerLoad - alert not present in try editor
[ERROR] 2024-10-02 16:09:45.016 [main] LoggerLoad - alert not present in try editor
[ERROR] 2024-10-02 16:10:43.530 [main] LoggerLoad - alert not present in try editor
[ERROR] 2024-10-02 16:10:49.484 [main] LoggerLoad - alert not present in try editor
[ERROR] 2024-10-02 16:11:13.875 [main] LoggerLoad - alert not present in try editor
[ERROR] 2024-10-02 16:11:28.585 [main] LoggerLoad - alert not present in try editor
[ERROR] 2024-10-08 09:50:40.696 [main] LoggerLoad - alert not present in try editor
[ERROR] 2024-10-08 09:51:21.242 [main] LoggerLoad - alert not present in try editor
[ERROR] 2024-10-08 09:51:27.140 [main] LoggerLoad - alert not present in try editor
[ERROR] 2024-10-08 09:51:46.481 [main] LoggerLoad - alert not present in try editor
[ERROR] 2024-10-08 09:51:54.105 [main] LoggerLoad - alert not present in try editor
[ERROR] 2024-10-08 09:52:22.637 [main] LoggerLoad - alert not present in try editor
[ERROR] 2024-10-08 09:52:28.822 [main] LoggerLoad - alert not present in try editor
[ERROR] 2024-10-08 10:07:22.554 [main] LoggerLoad - alert not present in try editor
[ERROR] 2024-10-08 10:07:31.840 [main] LoggerLoad - alert not present in try editor
[ERROR] 2024-10-08 10:12:47.016 [main] LoggerLoad - alert not present in try editor
[ERROR] 2024-10-08 10:13:01.011 [main] LoggerLoad - alert not present in try editor
[ERROR] 2024-10-08 10:15:55.368 [main] LoggerLoad - alert not present in try editor
[ERROR] 2024-10-08 10:15:59.912 [main] LoggerLoad - alert not present in try editor
[ERROR] 2024-10-08 10:16:04.746 [main] LoggerLoad - alert not present in try editor
[ERROR] 2024-10-08 10:16:09.351 [main] LoggerLoad - alert not present in try editor
[ERROR] 2024-10-08 10:16:13.852 [main] LoggerLoad - alert not present in try editor
[ERROR] 2024-10-08 10:16:19.625 [main] LoggerLoad - alert not present in try editor
[ERROR] 2024-10-08 12:27:27.897 [main] LoggerLoad - alert not present in try editor
[ERROR] 2024-10-08 12:27:34.595 [main] LoggerLoad - alert not present in try editor
[ERROR] 2024-10-08 12:28:27.975 [main] LoggerLoad - alert not present in try editor
[ERROR] 2024-10-08 12:28:37.222 [main] LoggerLoad - alert not present in try editor
[ERROR] 2024-10-08 12:29:00.316 [main] LoggerLoad - alert not present in try editor
[ERROR] 2024-10-08 12:29:06.275 [main] LoggerLoad - alert not present in try editor
[ERROR] 2024-10-08 12:29:37.136 [main] LoggerLoad - alert not present in try editor
[ERROR] 2024-10-08 12:29:44.117 [main] LoggerLoad - alert not present in try editor
[ERROR] 2024-10-08 13:34:54.491 [main] LoggerLoad - alert not present in try editor
[ERROR] 2024-10-08 13:34:58.433 [main] LoggerLoad - alert not present in try editor
[ERROR] 2024-10-08 13:35:48.851 [main] LoggerLoad - alert not present in try editor
[ERROR] 2024-10-08 13:35:55.380 [main] LoggerLoad - alert not present in try editor
[ERROR] 2024-10-08 13:36:18.233 [main] LoggerLoad - alert not present in try editor
[ERROR] 2024-10-08 13:36:23.889 [main] LoggerLoad - alert not present in try editor
[ERROR] 2024-10-08 13:36:47.224 [main] LoggerLoad - alert not present in try editor
[ERROR] 2024-10-08 13:36:52.809 [main] LoggerLoad - alert not present in try editor
[INFO ] 2024-10-08 23:54:54.990 [main] LoggerLoad - New Account Created. You are logged in as DreamTeam
[INFO ] 2024-10-09 00:05:15.654 [main] LoggerLoad - New Account Created. You are logged in as DreamTeam
[INFO ] 2024-10-09 00:07:57.344 [main] LoggerLoad - New Account Created. You are logged in as DreamTeam
[INFO ] 2024-10-09 00:08:59.547 [main] LoggerLoad - New Account Created. You are logged in as DreamTeam
[INFO ] 2024-10-09 00:10:40.949 [main] LoggerLoad - New Account Created. You are logged in as DreamTeam
[INFO ] 2024-10-09 00:10:44.718 [main] LoggerLoad - New Account Created. You are logged in as DreamTeam
[INFO ] 2024-10-09 00:10:48.476 [main] LoggerLoad - New Account Created. You are logged in as DreamTeam
[INFO ] 2024-10-09 00:12:08.380 [main] LoggerLoad - New Account Created. You are logged in as DreamTeam
[INFO ] 2024-10-09 00:12:12.805 [main] LoggerLoad - New Account Created. You are logged in as DreamTeam
[INFO ] 2024-10-09 00:12:40.486 [main] LoggerLoad - New Account Created. You are logged in as DreamTeam
[INFO ] 2024-10-09 00:13:38.440 [main] LoggerLoad - New Account Created. You are logged in as DreamTeam
[INFO ] 2024-10-09 00:15:22.679 [main] LoggerLoad - New Account Created. You are logged in as DreamTeam
[INFO ] 2024-10-09 00:15:47.538 [main] LoggerLoad - New Account Created. You are logged in as DreamTeam
[INFO ] 2024-10-09 00:16:54.217 [main] LoggerLoad - New Account Created. You are logged in as DreamTeam
[INFO ] 2024-10-09 00:17:09.740 [main] LoggerLoad - New Account Created. You are logged in as DreamTeam
[INFO ] 2024-10-09 00:17:26.140 [main] LoggerLoad - New Account Created. You are logged in as DreamTeam
[INFO ] 2024-10-09 00:20:42.699 [main] LoggerLoad - New Account Created. You are logged in as DreamTeam
[INFO ] 2024-10-09 00:21:32.556 [main] LoggerLoad - New Account Created. You are logged in as DreamTeam
[INFO ] 2024-10-09 00:25:22.677 [main] LoggerLoad - New Account Created. You are logged in as DreamTeam
[INFO ] 2024-10-09 00:25:39.514 [main] LoggerLoad - New Account Created. You are logged in as DreamTeam
[INFO ] 2024-10-09 00:37:12.640 [main] LoggerLoad - New Account Created. You are logged in as DreamTeam
[INFO ] 2024-10-09 00:37:30.915 [main] LoggerLoad - New Account Created. You are logged in as DreamTeam
[INFO ] 2024-10-09 00:48:21.037 [main] LoggerLoad - New Account Created. You are logged in as DreamTeam
[INFO ] 2024-10-09 00:48:37.248 [main] LoggerLoad - New Account Created. You are logged in as DreamTeam
[INFO ] 2024-10-09 00:50:30.571 [main] LoggerLoad - New Account Created. You are logged in as DreamTeam
[INFO ] 2024-10-09 00:50:49.318 [main] LoggerLoad - New Account Created. You are logged in as DreamTeam
[INFO ] 2024-10-09 16:19:37.978 [main] LoggerLoad - New Account Created. You are logged in as DreamTeam
[INFO ] 2024-10-09 16:22:46.436 [main] LoggerLoad - New Account Created. You are logged in as DreamTeam
[INFO ] 2024-10-09 16:26:21.419 [main] LoggerLoad - New Account Created. You are logged in as DreamTeam
[INFO ] 2024-10-09 20:10:22.323 [main] LoggerLoad - New Account Created. You are logged in as DreamTeam
[INFO ] 2024-10-09 20:11:31.857 [main] LoggerLoad - New Account Created. You are logged in as DreamTeam
[INFO ] 2024-10-09 20:12:29.264 [main] LoggerLoad - New Account Created. You are logged in as DreamTeam
[INFO ] 2024-10-09 20:14:41.093 [main] LoggerLoad - New Account Created. You are logged in as DreamTeam
[INFO ] 2024-10-09 20:15:43.285 [main] LoggerLoad - New Account Created. You are logged in as DreamTeam
[INFO ] 2024-10-09 20:21:05.097 [main] LoggerLoad - New Account Created. You are logged in as DreamTeam
[INFO ] 2024-10-09 20:27:17.461 [main] LoggerLoad - New Account Created. You are logged in as DreamTeam
[INFO ] 2024-10-09 20:28:40.654 [main] LoggerLoad - New Account Created. You are logged in as DreamTeam
[INFO ] 2024-10-09 20:30:22.322 [main] LoggerLoad - New Account Created. You are logged in as DreamTeam
[INFO ] 2024-10-09 20:32:01.065 [main] LoggerLoad - New Account Created. You are logged in as DreamTeam
[INFO ] 2024-10-12 06:32:28.956 [main] LoggerLoad - New Account Created. You are logged in as DreamTeam
[INFO ] 2024-10-12 06:32:31.754 [main] LoggerLoad - New Account Created. You are logged in as DreamTeam
[INFO ] 2024-10-12 06:32:35.240 [main] LoggerLoad - New Account Created. You are logged in as DreamTeam
[INFO ] 2024-10-12 06:32:39.009 [main] LoggerLoad - New Account Created. You are logged in as DreamTeam
[ERROR] 2024-10-12 06:32:40.127 [main] LoggerLoad - alert not present in try editor
[INFO ] 2024-10-12 06:32:42.595 [main] LoggerLoad - New Account Created. You are logged in as DreamTeam
[ERROR] 2024-10-12 06:32:43.687 [main] LoggerLoad - alert not present in try editor
[INFO ] 2024-10-12 06:32:46.631 [main] LoggerLoad - New Account Created. You are logged in as DreamTeam
[INFO ] 2024-10-12 06:32:51.993 [main] LoggerLoad - New Account Created. You are logged in as DreamTeam
[INFO ] 2024-10-12 06:32:56.191 [main] LoggerLoad - New Account Created. You are logged in as DreamTeam
[INFO ] 2024-10-12 06:33:00.581 [main] LoggerLoad - New Account Created. You are logged in as DreamTeam
[INFO ] 2024-10-12 06:33:04.871 [main] LoggerLoad - New Account Created. You are logged in as DreamTeam
[INFO ] 2024-10-12 06:33:11.506 [main] LoggerLoad - New Account Created. You are logged in as DreamTeam
[INFO ] 2024-10-12 06:33:16.944 [main] LoggerLoad - New Account Created. You are logged in as DreamTeam
[INFO ] 2024-10-12 06:33:21.413 [main] LoggerLoad - New Account Created. You are logged in as DreamTeam
[ERROR] 2024-10-12 06:33:22.507 [main] LoggerLoad - alert not present in try editor
[INFO ] 2024-10-12 06:33:28.229 [main] LoggerLoad - New Account Created. You are logged in as DreamTeam
[ERROR] 2024-10-12 06:33:29.370 [main] LoggerLoad - alert not present in try editor
[INFO ] 2024-10-12 06:33:33.911 [main] LoggerLoad - New Account Created. You are logged in as DreamTeam
[INFO ] 2024-10-12 06:33:40.033 [main] LoggerLoad - New Account Created. You are logged in as DreamTeam
[INFO ] 2024-10-12 06:33:45.514 [main] LoggerLoad - New Account Created. You are logged in as DreamTeam
[INFO ] 2024-10-12 06:33:50.921 [main] LoggerLoad - New Account Created. You are logged in as DreamTeam
[ERROR] 2024-10-12 06:33:52.109 [main] LoggerLoad - alert not present in try editor
[INFO ] 2024-10-12 06:33:56.738 [main] LoggerLoad - New Account Created. You are logged in as DreamTeam
[ERROR] 2024-10-12 06:33:58.128 [main] LoggerLoad - alert not present in try editor
[INFO ] 2024-10-12 06:34:02.068 [main] LoggerLoad - New Account Created. You are logged in as DreamTeam
[INFO ] 2024-10-12 06:34:07.784 [main] LoggerLoad - New Account Created. You are logged in as DreamTeam
[INFO ] 2024-10-12 06:34:12.098 [main] LoggerLoad - New Account Created. You are logged in as DreamTeam
[INFO ] 2024-10-12 06:34:16.799 [main] LoggerLoad - New Account Created. You are logged in as DreamTeam
[ERROR] 2024-10-12 06:34:18.361 [main] LoggerLoad - alert not present in try editor
[INFO ] 2024-10-12 06:34:23.186 [main] LoggerLoad - New Account Created. You are logged in as DreamTeam
[ERROR] 2024-10-12 06:34:24.809 [main] LoggerLoad - alert not present in try editor
[INFO ] 2024-10-12 06:34:28.925 [main] LoggerLoad - New Account Created. You are logged in as DreamTeam
[INFO ] 2024-10-12 06:34:35.130 [main] LoggerLoad - New Account Created. You are logged in as DreamTeam
[INFO ] 2024-10-12 06:34:53.806 [main] LoggerLoad - New Account Created. You are logged in as DreamTeam
[INFO ] 2024-10-12 06:35:08.679 [main] LoggerLoad - New Account Created. You are logged in as DreamTeam
[INFO ] 2024-10-12 06:35:22.453 [main] LoggerLoad - New Account Created. You are logged in as DreamTeam
[INFO ] 2024-10-12 06:35:40.880 [main] LoggerLoad - New Account Created. You are logged in as DreamTeam
[INFO ] 2024-10-12 06:35:56.099 [main] LoggerLoad - New Account Created. You are logged in as DreamTeam
[INFO ] 2024-10-12 06:36:11.155 [main] LoggerLoad - New Account Created. You are logged in as DreamTeam
[INFO ] 2024-10-12 06:36:29.547 [main] LoggerLoad - New Account Created. You are logged in as DreamTeam
[INFO ] 2024-10-12 06:36:46.391 [main] LoggerLoad - New Account Created. You are logged in as DreamTeam
[INFO ] 2024-10-12 06:37:03.148 [main] LoggerLoad - New Account Created. You are logged in as DreamTeam
[INFO ] 2024-10-12 06:37:23.087 [main] LoggerLoad - New Account Created. You are logged in as DreamTeam
[INFO ] 2024-10-12 06:37:38.954 [main] LoggerLoad - New Account Created. You are logged in as DreamTeam
[INFO ] 2024-10-12 06:37:56.124 [main] LoggerLoad - New Account Created. You are logged in as DreamTeam
[INFO ] 2024-10-12 07:16:30.669 [main] LoggerLoad - New Account Created. You are logged in as DreamTeam
[INFO ] 2024-10-12 07:16:33.916 [main] LoggerLoad - New Account Created. You are logged in as DreamTeam
[INFO ] 2024-10-12 07:16:37.197 [main] LoggerLoad - New Account Created. You are logged in as DreamTeam
[INFO ] 2024-10-12 07:16:40.666 [main] LoggerLoad - New Account Created. You are logged in as DreamTeam
[ERROR] 2024-10-12 07:16:42.007 [main] LoggerLoad - alert not present in try editor
[INFO ] 2024-10-12 07:16:44.640 [main] LoggerLoad - New Account Created. You are logged in as DreamTeam
[ERROR] 2024-10-12 07:16:45.709 [main] LoggerLoad - alert not present in try editor
[INFO ] 2024-10-12 07:16:48.245 [main] LoggerLoad - New Account Created. You are logged in as DreamTeam
[INFO ] 2024-10-12 07:16:51.375 [main] LoggerLoad - New Account Created. You are logged in as DreamTeam
[INFO ] 2024-10-12 07:16:54.940 [main] LoggerLoad - New Account Created. You are logged in as DreamTeam
[INFO ] 2024-10-12 07:16:58.490 [main] LoggerLoad - New Account Created. You are logged in as DreamTeam
[INFO ] 2024-10-12 07:17:02.020 [main] LoggerLoad - New Account Created. You are logged in as DreamTeam
[INFO ] 2024-10-12 07:17:05.552 [main] LoggerLoad - New Account Created. You are logged in as DreamTeam
[INFO ] 2024-10-12 07:17:08.510 [main] LoggerLoad - New Account Created. You are logged in as DreamTeam
[INFO ] 2024-10-12 07:17:11.738 [main] LoggerLoad - New Account Created. You are logged in as DreamTeam
[ERROR] 2024-10-12 07:17:12.649 [main] LoggerLoad - alert not present in try editor
[INFO ] 2024-10-12 07:17:15.206 [main] LoggerLoad - New Account Created. You are logged in as DreamTeam
[ERROR] 2024-10-12 07:17:16.152 [main] LoggerLoad - alert not present in try editor
[INFO ] 2024-10-12 07:17:18.870 [main] LoggerLoad - New Account Created. You are logged in as DreamTeam
[INFO ] 2024-10-12 07:17:22.215 [main] LoggerLoad - New Account Created. You are logged in as DreamTeam
[INFO ] 2024-10-12 07:17:25.209 [main] LoggerLoad - New Account Created. You are logged in as DreamTeam
[INFO ] 2024-10-12 07:17:28.468 [main] LoggerLoad - New Account Created. You are logged in as DreamTeam
[ERROR] 2024-10-12 07:17:29.416 [main] LoggerLoad - alert not present in try editor
[INFO ] 2024-10-12 07:17:32.078 [main] LoggerLoad - New Account Created. You are logged in as DreamTeam
[ERROR] 2024-10-12 07:17:33.537 [main] LoggerLoad - alert not present in try editor
[INFO ] 2024-10-12 07:17:36.843 [main] LoggerLoad - New Account Created. You are logged in as DreamTeam
[INFO ] 2024-10-12 07:17:41.219 [main] LoggerLoad - New Account Created. You are logged in as DreamTeam
[INFO ] 2024-10-12 07:17:44.779 [main] LoggerLoad - New Account Created. You are logged in as DreamTeam
[INFO ] 2024-10-12 07:17:53.609 [main] LoggerLoad - New Account Created. You are logged in as DreamTeam
[ERROR] 2024-10-12 07:17:55.359 [main] LoggerLoad - alert not present in try editor
[INFO ] 2024-10-12 07:17:57.916 [main] LoggerLoad - New Account Created. You are logged in as DreamTeam
[ERROR] 2024-10-12 07:17:58.838 [main] LoggerLoad - alert not present in try editor
[INFO ] 2024-10-12 07:18:01.277 [main] LoggerLoad - New Account Created. You are logged in as DreamTeam
[INFO ] 2024-10-12 07:18:04.377 [main] LoggerLoad - New Account Created. You are logged in as DreamTeam
[INFO ] 2024-10-12 07:18:11.810 [main] LoggerLoad - New Account Created. You are logged in as DreamTeam
[INFO ] 2024-10-12 07:18:19.190 [main] LoggerLoad - New Account Created. You are logged in as DreamTeam
[INFO ] 2024-10-12 07:18:26.132 [main] LoggerLoad - New Account Created. You are logged in as DreamTeam
[INFO ] 2024-10-12 07:18:39.863 [main] LoggerLoad - New Account Created. You are logged in as DreamTeam
[INFO ] 2024-10-12 07:18:47.871 [main] LoggerLoad - New Account Created. You are logged in as DreamTeam
[INFO ] 2024-10-12 07:18:56.024 [main] LoggerLoad - New Account Created. You are logged in as DreamTeam
[INFO ] 2024-10-12 07:19:04.640 [main] LoggerLoad - New Account Created. You are logged in as DreamTeam
[INFO ] 2024-10-12 07:19:13.649 [main] LoggerLoad - New Account Created. You are logged in as DreamTeam
[INFO ] 2024-10-12 07:19:22.465 [main] LoggerLoad - New Account Created. You are logged in as DreamTeam
[INFO ] 2024-10-12 07:19:31.771 [main] LoggerLoad - New Account Created. You are logged in as DreamTeam
[INFO ] 2024-10-12 07:19:40.101 [main] LoggerLoad - New Account Created. You are logged in as DreamTeam
[INFO ] 2024-10-12 07:19:48.762 [main] LoggerLoad - New Account Created. You are logged in as DreamTeam
[INFO ] 2024-10-12 07:49:54.998 [main] LoggerLoad - New Account Created. You are logged in as DreamTeam
[INFO ] 2024-10-12 07:49:58.203 [main] LoggerLoad - New Account Created. You are logged in as DreamTeam
[INFO ] 2024-10-12 07:50:01.303 [main] LoggerLoad - New Account Created. You are logged in as DreamTeam
[INFO ] 2024-10-12 07:50:04.878 [main] LoggerLoad - New Account Created. You are logged in as DreamTeam
[ERROR] 2024-10-12 07:50:05.914 [main] LoggerLoad - alert not present in try editor
[INFO ] 2024-10-12 07:50:08.497 [main] LoggerLoad - New Account Created. You are logged in as DreamTeam
[ERROR] 2024-10-12 07:50:09.588 [main] LoggerLoad - alert not present in try editor
[INFO ] 2024-10-12 07:50:12.182 [main] LoggerLoad - New Account Created. You are logged in as DreamTeam
[INFO ] 2024-10-12 07:50:15.532 [main] LoggerLoad - New Account Created. You are logged in as DreamTeam
[INFO ] 2024-10-12 07:50:19.230 [main] LoggerLoad - New Account Created. You are logged in as DreamTeam
[INFO ] 2024-10-12 07:50:22.745 [main] LoggerLoad - New Account Created. You are logged in as DreamTeam
[INFO ] 2024-10-12 07:50:26.369 [main] LoggerLoad - New Account Created. You are logged in as DreamTeam
[INFO ] 2024-10-12 07:50:30.118 [main] LoggerLoad - New Account Created. You are logged in as DreamTeam
[INFO ] 2024-10-12 07:50:33.210 [main] LoggerLoad - New Account Created. You are logged in as DreamTeam
[INFO ] 2024-10-12 07:50:36.470 [main] LoggerLoad - New Account Created. You are logged in as DreamTeam
[ERROR] 2024-10-12 07:50:37.670 [main] LoggerLoad - alert not present in try editor
[INFO ] 2024-10-12 07:50:40.176 [main] LoggerLoad - New Account Created. You are logged in as DreamTeam
[ERROR] 2024-10-12 07:50:41.162 [main] LoggerLoad - alert not present in try editor
[INFO ] 2024-10-12 07:50:43.628 [main] LoggerLoad - New Account Created. You are logged in as DreamTeam
[INFO ] 2024-10-12 07:50:46.697 [main] LoggerLoad - New Account Created. You are logged in as DreamTeam
[INFO ] 2024-10-12 07:50:49.665 [main] LoggerLoad - New Account Created. You are logged in as DreamTeam
[INFO ] 2024-10-12 07:50:53.031 [main] LoggerLoad - New Account Created. You are logged in as DreamTeam
[ERROR] 2024-10-12 07:50:53.910 [main] LoggerLoad - alert not present in try editor
[INFO ] 2024-10-12 07:50:56.344 [main] LoggerLoad - New Account Created. You are logged in as DreamTeam
[ERROR] 2024-10-12 07:50:57.268 [main] LoggerLoad - alert not present in try editor
[INFO ] 2024-10-12 07:50:59.822 [main] LoggerLoad - New Account Created. You are logged in as DreamTeam
[INFO ] 2024-10-12 07:51:02.877 [main] LoggerLoad - New Account Created. You are logged in as DreamTeam
[INFO ] 2024-10-12 07:51:05.824 [main] LoggerLoad - New Account Created. You are logged in as DreamTeam
[INFO ] 2024-10-12 07:51:09.528 [main] LoggerLoad - New Account Created. You are logged in as DreamTeam
[ERROR] 2024-10-12 07:51:10.452 [main] LoggerLoad - alert not present in try editor
[INFO ] 2024-10-12 07:51:12.920 [main] LoggerLoad - New Account Created. You are logged in as DreamTeam
[ERROR] 2024-10-12 07:51:13.846 [main] LoggerLoad - alert not present in try editor
[INFO ] 2024-10-12 07:51:16.383 [main] LoggerLoad - New Account Created. You are logged in as DreamTeam
[INFO ] 2024-10-12 07:51:19.329 [main] LoggerLoad - New Account Created. You are logged in as DreamTeam
[INFO ] 2024-10-12 07:51:33.447 [main] LoggerLoad - New Account Created. You are logged in as DreamTeam
[INFO ] 2024-10-12 07:51:49.178 [main] LoggerLoad - New Account Created. You are logged in as DreamTeam
[INFO ] 2024-10-12 07:52:03.701 [main] LoggerLoad - New Account Created. You are logged in as DreamTeam
[INFO ] 2024-10-12 07:52:21.927 [main] LoggerLoad - New Account Created. You are logged in as DreamTeam
[INFO ] 2024-10-12 07:52:36.706 [main] LoggerLoad - New Account Created. You are logged in as DreamTeam
[INFO ] 2024-10-12 07:52:51.380 [main] LoggerLoad - New Account Created. You are logged in as DreamTeam
[INFO ] 2024-10-12 07:53:09.236 [main] LoggerLoad - New Account Created. You are logged in as DreamTeam
[INFO ] 2024-10-12 07:53:24.000 [main] LoggerLoad - New Account Created. You are logged in as DreamTeam
[INFO ] 2024-10-12 07:53:38.712 [main] LoggerLoad - New Account Created. You are logged in as DreamTeam
[INFO ] 2024-10-12 07:53:57.267 [main] LoggerLoad - New Account Created. You are logged in as DreamTeam
[INFO ] 2024-10-12 07:54:12.454 [main] LoggerLoad - New Account Created. You are logged in as DreamTeam
[INFO ] 2024-10-12 07:54:27.729 [main] LoggerLoad - New Account Created. You are logged in as DreamTeam
[INFO ] 2024-10-12 08:08:34.874 [main] LoggerLoad - New Account Created. You are logged in as DreamTeam
[INFO ] 2024-10-12 08:08:37.853 [main] LoggerLoad - New Account Created. You are logged in as DreamTeam
[INFO ] 2024-10-12 08:08:40.872 [main] LoggerLoad - New Account Created. You are logged in as DreamTeam
[INFO ] 2024-10-12 08:08:44.623 [main] LoggerLoad - New Account Created. You are logged in as DreamTeam
[ERROR] 2024-10-12 08:08:45.730 [main] LoggerLoad - alert not present in try editor
[INFO ] 2024-10-12 08:08:48.233 [main] LoggerLoad - New Account Created. You are logged in as DreamTeam
[ERROR] 2024-10-12 08:08:49.288 [main] LoggerLoad - alert not present in try editor
[INFO ] 2024-10-12 08:08:51.874 [main] LoggerLoad - New Account Created. You are logged in as DreamTeam
[INFO ] 2024-10-12 08:08:54.983 [main] LoggerLoad - New Account Created. You are logged in as DreamTeam
[INFO ] 2024-10-12 08:08:58.550 [main] LoggerLoad - New Account Created. You are logged in as DreamTeam
[INFO ] 2024-10-12 08:09:02.082 [main] LoggerLoad - New Account Created. You are logged in as DreamTeam
[INFO ] 2024-10-12 08:09:05.578 [main] LoggerLoad - New Account Created. You are logged in as DreamTeam
[INFO ] 2024-10-12 08:09:09.123 [main] LoggerLoad - New Account Created. You are logged in as DreamTeam
[INFO ] 2024-10-12 08:09:11.934 [main] LoggerLoad - New Account Created. You are logged in as DreamTeam
[INFO ] 2024-10-12 08:09:15.783 [main] LoggerLoad - New Account Created. You are logged in as DreamTeam
[ERROR] 2024-10-12 08:09:17.278 [main] LoggerLoad - alert not present in try editor
[INFO ] 2024-10-12 08:09:19.877 [main] LoggerLoad - New Account Created. You are logged in as DreamTeam
[ERROR] 2024-10-12 08:09:20.989 [main] LoggerLoad - alert not present in try editor
[INFO ] 2024-10-12 08:09:23.629 [main] LoggerLoad - New Account Created. You are logged in as DreamTeam
[INFO ] 2024-10-12 08:09:26.757 [main] LoggerLoad - New Account Created. You are logged in as DreamTeam
[INFO ] 2024-10-12 08:09:30.149 [main] LoggerLoad - New Account Created. You are logged in as DreamTeam
[INFO ] 2024-10-12 08:09:33.562 [main] LoggerLoad - New Account Created. You are logged in as DreamTeam
[ERROR] 2024-10-12 08:09:34.484 [main] LoggerLoad - alert not present in try editor
[INFO ] 2024-10-12 08:09:36.946 [main] LoggerLoad - New Account Created. You are logged in as DreamTeam
[ERROR] 2024-10-12 08:09:37.903 [main] LoggerLoad - alert not present in try editor
[INFO ] 2024-10-12 08:09:40.402 [main] LoggerLoad - New Account Created. You are logged in as DreamTeam
[INFO ] 2024-10-12 08:09:43.813 [main] LoggerLoad - New Account Created. You are logged in as DreamTeam
[INFO ] 2024-10-12 08:09:46.831 [main] LoggerLoad - New Account Created. You are logged in as DreamTeam
[INFO ] 2024-10-12 08:09:50.066 [main] LoggerLoad - New Account Created. You are logged in as DreamTeam
[ERROR] 2024-10-12 08:09:50.953 [main] LoggerLoad - alert not present in try editor
[INFO ] 2024-10-12 08:09:53.426 [main] LoggerLoad - New Account Created. You are logged in as DreamTeam
[ERROR] 2024-10-12 08:09:54.380 [main] LoggerLoad - alert not present in try editor
[INFO ] 2024-10-12 08:09:56.948 [main] LoggerLoad - New Account Created. You are logged in as DreamTeam
[INFO ] 2024-10-12 08:10:00.136 [main] LoggerLoad - New Account Created. You are logged in as DreamTeam
[INFO ] 2024-10-12 08:10:13.922 [main] LoggerLoad - New Account Created. You are logged in as DreamTeam
[INFO ] 2024-10-12 08:10:28.556 [main] LoggerLoad - New Account Created. You are logged in as DreamTeam
[INFO ] 2024-10-12 08:10:43.278 [main] LoggerLoad - New Account Created. You are logged in as DreamTeam
[INFO ] 2024-10-12 08:11:00.904 [main] LoggerLoad - New Account Created. You are logged in as DreamTeam
[INFO ] 2024-10-12 08:11:16.297 [main] LoggerLoad - New Account Created. You are logged in as DreamTeam
[INFO ] 2024-10-12 08:15:25.660 [main] LoggerLoad - New Account Created. You are logged in as DreamTeam
[INFO ] 2024-10-12 08:15:30.131 [main] LoggerLoad - New Account Created. You are logged in as DreamTeam
[INFO ] 2024-10-12 08:15:33.600 [main] LoggerLoad - New Account Created. You are logged in as DreamTeam
[INFO ] 2024-10-12 08:15:38.431 [main] LoggerLoad - New Account Created. You are logged in as DreamTeam
[ERROR] 2024-10-12 08:15:39.390 [main] LoggerLoad - alert not present in try editor
[INFO ] 2024-10-12 08:15:42.739 [main] LoggerLoad - New Account Created. You are logged in as DreamTeam
[ERROR] 2024-10-12 08:15:43.917 [main] LoggerLoad - alert not present in try editor
[INFO ] 2024-10-12 08:15:46.468 [main] LoggerLoad - New Account Created. You are logged in as DreamTeam
[INFO ] 2024-10-12 08:15:49.607 [main] LoggerLoad - New Account Created. You are logged in as DreamTeam
[INFO ] 2024-10-12 08:15:53.212 [main] LoggerLoad - New Account Created. You are logged in as DreamTeam
[INFO ] 2024-10-12 08:15:56.816 [main] LoggerLoad - New Account Created. You are logged in as DreamTeam
[INFO ] 2024-10-12 08:16:00.414 [main] LoggerLoad - New Account Created. You are logged in as DreamTeam
[INFO ] 2024-10-12 08:16:04.026 [main] LoggerLoad - New Account Created. You are logged in as DreamTeam
[INFO ] 2024-10-12 08:16:07.020 [main] LoggerLoad - New Account Created. You are logged in as DreamTeam
[INFO ] 2024-10-12 08:16:10.334 [main] LoggerLoad - New Account Created. You are logged in as DreamTeam
[ERROR] 2024-10-12 08:16:11.461 [main] LoggerLoad - alert not present in try editor
[INFO ] 2024-10-12 08:16:14.065 [main] LoggerLoad - New Account Created. You are logged in as DreamTeam
[ERROR] 2024-10-12 08:16:15.018 [main] LoggerLoad - alert not present in try editor
[INFO ] 2024-10-12 08:16:17.541 [main] LoggerLoad - New Account Created. You are logged in as DreamTeam
[INFO ] 2024-10-12 08:16:20.655 [main] LoggerLoad - New Account Created. You are logged in as DreamTeam
[INFO ] 2024-10-12 08:16:24.774 [main] LoggerLoad - New Account Created. You are logged in as DreamTeam
[INFO ] 2024-10-12 08:16:28.215 [main] LoggerLoad - New Account Created. You are logged in as DreamTeam
[ERROR] 2024-10-12 08:16:29.248 [main] LoggerLoad - alert not present in try editor
[INFO ] 2024-10-12 08:16:31.838 [main] LoggerLoad - New Account Created. You are logged in as DreamTeam
[ERROR] 2024-10-12 08:16:32.839 [main] LoggerLoad - alert not present in try editor
[INFO ] 2024-10-12 08:16:35.498 [main] LoggerLoad - New Account Created. You are logged in as DreamTeam
[INFO ] 2024-10-12 08:16:38.707 [main] LoggerLoad - New Account Created. You are logged in as DreamTeam
[INFO ] 2024-10-12 08:16:41.714 [main] LoggerLoad - New Account Created. You are logged in as DreamTeam
[INFO ] 2024-10-12 08:16:45.200 [main] LoggerLoad - New Account Created. You are logged in as DreamTeam
[ERROR] 2024-10-12 08:16:47.117 [main] LoggerLoad - alert not present in try editor
[INFO ] 2024-10-12 08:16:49.827 [main] LoggerLoad - New Account Created. You are logged in as DreamTeam
[ERROR] 2024-10-12 08:16:51.296 [main] LoggerLoad - alert not present in try editor
[INFO ] 2024-10-12 08:16:53.902 [main] LoggerLoad - New Account Created. You are logged in as DreamTeam
[INFO ] 2024-10-12 08:16:59.272 [main] LoggerLoad - New Account Created. You are logged in as DreamTeam
[INFO ] 2024-10-12 08:17:16.545 [main] LoggerLoad - New Account Created. You are logged in as DreamTeam
[INFO ] 2024-10-12 08:17:31.261 [main] LoggerLoad - New Account Created. You are logged in as DreamTeam
[INFO ] 2024-10-12 08:17:45.252 [main] LoggerLoad - New Account Created. You are logged in as DreamTeam
[INFO ] 2024-10-12 08:18:02.240 [main] LoggerLoad - New Account Created. You are logged in as DreamTeam
[INFO ] 2024-10-12 08:18:17.277 [main] LoggerLoad - New Account Created. You are logged in as DreamTeam
[INFO ] 2024-10-12 08:18:32.930 [main] LoggerLoad - New Account Created. You are logged in as DreamTeam
[INFO ] 2024-10-12 08:18:52.053 [main] LoggerLoad - New Account Created. You are logged in as DreamTeam
[INFO ] 2024-10-12 08:19:06.463 [main] LoggerLoad - New Account Created. You are logged in as DreamTeam
[INFO ] 2024-10-12 08:19:21.490 [main] LoggerLoad - New Account Created. You are logged in as DreamTeam
[INFO ] 2024-10-12 08:19:38.981 [main] LoggerLoad - New Account Created. You are logged in as DreamTeam
[INFO ] 2024-10-12 08:19:56.670 [main] LoggerLoad - New Account Created. You are logged in as DreamTeam
[INFO ] 2024-10-12 08:20:13.295 [main] LoggerLoad - New Account Created. You are logged in as DreamTeam
[INFO ] 2024-10-12 08:22:03.951 [main] LoggerLoad - New Account Created. You are logged in as DreamTeam
[INFO ] 2024-10-12 08:22:06.884 [main] LoggerLoad - New Account Created. You are logged in as DreamTeam
[INFO ] 2024-10-12 08:22:10.033 [main] LoggerLoad - New Account Created. You are logged in as DreamTeam
[INFO ] 2024-10-12 08:22:13.587 [main] LoggerLoad - New Account Created. You are logged in as DreamTeam
[ERROR] 2024-10-12 08:22:14.879 [main] LoggerLoad - alert not present in try editor
[INFO ] 2024-10-12 08:22:17.420 [main] LoggerLoad - New Account Created. You are logged in as DreamTeam
[ERROR] 2024-10-12 08:22:18.407 [main] LoggerLoad - alert not present in try editor
[INFO ] 2024-10-12 08:22:21.282 [main] LoggerLoad - New Account Created. You are logged in as DreamTeam
[INFO ] 2024-10-12 08:22:24.451 [main] LoggerLoad - New Account Created. You are logged in as DreamTeam
[INFO ] 2024-10-12 08:22:28.075 [main] LoggerLoad - New Account Created. You are logged in as DreamTeam
[INFO ] 2024-10-12 08:22:31.522 [main] LoggerLoad - New Account Created. You are logged in as DreamTeam
[INFO ] 2024-10-12 08:22:34.995 [main] LoggerLoad - New Account Created. You are logged in as DreamTeam
[INFO ] 2024-10-12 08:22:38.468 [main] LoggerLoad - New Account Created. You are logged in as DreamTeam
[INFO ] 2024-10-12 08:22:41.413 [main] LoggerLoad - New Account Created. You are logged in as DreamTeam
[INFO ] 2024-10-12 08:22:44.740 [main] LoggerLoad - New Account Created. You are logged in as DreamTeam
[ERROR] 2024-10-12 08:22:45.665 [main] LoggerLoad - alert not present in try editor
[INFO ] 2024-10-12 08:22:48.249 [main] LoggerLoad - New Account Created. You are logged in as DreamTeam
[ERROR] 2024-10-12 08:22:49.213 [main] LoggerLoad - alert not present in try editor
[INFO ] 2024-10-12 08:22:51.883 [main] LoggerLoad - New Account Created. You are logged in as DreamTeam
[INFO ] 2024-10-12 08:22:55.466 [main] LoggerLoad - New Account Created. You are logged in as DreamTeam
[INFO ] 2024-10-12 08:22:58.833 [main] LoggerLoad - New Account Created. You are logged in as DreamTeam
[INFO ] 2024-10-12 08:23:02.391 [main] LoggerLoad - New Account Created. You are logged in as DreamTeam
[ERROR] 2024-10-12 08:23:03.705 [main] LoggerLoad - alert not present in try editor
[INFO ] 2024-10-12 08:23:06.315 [main] LoggerLoad - New Account Created. You are logged in as DreamTeam
[ERROR] 2024-10-12 08:23:07.524 [main] LoggerLoad - alert not present in try editor
[INFO ] 2024-10-12 08:23:10.164 [main] LoggerLoad - New Account Created. You are logged in as DreamTeam
[INFO ] 2024-10-12 08:23:13.279 [main] LoggerLoad - New Account Created. You are logged in as DreamTeam
[INFO ] 2024-10-12 08:23:16.221 [main] LoggerLoad - New Account Created. You are logged in as DreamTeam
[INFO ] 2024-10-12 08:23:19.606 [main] LoggerLoad - New Account Created. You are logged in as DreamTeam
[ERROR] 2024-10-12 08:23:20.500 [main] LoggerLoad - alert not present in try editor
[INFO ] 2024-10-12 08:23:23.071 [main] LoggerLoad - New Account Created. You are logged in as DreamTeam
[ERROR] 2024-10-12 08:23:24.651 [main] LoggerLoad - alert not present in try editor
[INFO ] 2024-10-12 08:23:27.218 [main] LoggerLoad - New Account Created. You are logged in as DreamTeam
[INFO ] 2024-10-12 08:23:30.372 [main] LoggerLoad - New Account Created. You are logged in as DreamTeam
[INFO ] 2024-10-12 08:23:44.238 [main] LoggerLoad - New Account Created. You are logged in as DreamTeam
[INFO ] 2024-10-12 08:23:58.277 [main] LoggerLoad - New Account Created. You are logged in as DreamTeam
[INFO ] 2024-10-12 08:24:11.674 [main] LoggerLoad - New Account Created. You are logged in as DreamTeam
[INFO ] 2024-10-12 08:24:28.841 [main] LoggerLoad - New Account Created. You are logged in as DreamTeam
[INFO ] 2024-10-12 08:24:43.288 [main] LoggerLoad - New Account Created. You are logged in as DreamTeam
[INFO ] 2024-10-12 08:24:58.880 [main] LoggerLoad - New Account Created. You are logged in as DreamTeam
[INFO ] 2024-10-12 08:25:16.894 [main] LoggerLoad - New Account Created. You are logged in as DreamTeam
[INFO ] 2024-10-12 08:25:30.983 [main] LoggerLoad - New Account Created. You are logged in as DreamTeam
[INFO ] 2024-10-12 08:25:45.399 [main] LoggerLoad - New Account Created. You are logged in as DreamTeam
[INFO ] 2024-10-12 08:26:03.396 [main] LoggerLoad - New Account Created. You are logged in as DreamTeam
[INFO ] 2024-10-12 08:26:18.521 [main] LoggerLoad - New Account Created. You are logged in as DreamTeam
[INFO ] 2024-10-12 08:26:33.851 [main] LoggerLoad - New Account Created. You are logged in as DreamTeam
[INFO ] 2024-10-12 08:46:12.962 [main] LoggerLoad - New Account Created. You are logged in as DreamTeam
[INFO ] 2024-10-12 08:46:16.097 [main] LoggerLoad - New Account Created. You are logged in as DreamTeam
[INFO ] 2024-10-12 08:46:19.275 [main] LoggerLoad - New Account Created. You are logged in as DreamTeam
[INFO ] 2024-10-12 08:46:22.594 [main] LoggerLoad - New Account Created. You are logged in as DreamTeam
[ERROR] 2024-10-12 08:46:23.576 [main] LoggerLoad - alert not present in try editor
[INFO ] 2024-10-12 08:46:26.433 [main] LoggerLoad - New Account Created. You are logged in as DreamTeam
[ERROR] 2024-10-12 08:46:27.443 [main] LoggerLoad - alert not present in try editor
[INFO ] 2024-10-12 08:46:30.197 [main] LoggerLoad - New Account Created. You are logged in as DreamTeam
[INFO ] 2024-10-12 08:46:33.319 [main] LoggerLoad - New Account Created. You are logged in as DreamTeam
[INFO ] 2024-10-12 08:46:37.269 [main] LoggerLoad - New Account Created. You are logged in as DreamTeam
[INFO ] 2024-10-12 08:46:41.804 [main] LoggerLoad - New Account Created. You are logged in as DreamTeam
[INFO ] 2024-10-12 08:46:45.498 [main] LoggerLoad - New Account Created. You are logged in as DreamTeam
[INFO ] 2024-10-12 08:46:49.007 [main] LoggerLoad - New Account Created. You are logged in as DreamTeam
[INFO ] 2024-10-12 08:46:51.938 [main] LoggerLoad - New Account Created. You are logged in as DreamTeam
[INFO ] 2024-10-12 08:46:55.354 [main] LoggerLoad - New Account Created. You are logged in as DreamTeam
[ERROR] 2024-10-12 08:46:56.341 [main] LoggerLoad - alert not present in try editor
[INFO ] 2024-10-12 08:46:58.910 [main] LoggerLoad - New Account Created. You are logged in as DreamTeam
[ERROR] 2024-10-12 08:46:59.785 [main] LoggerLoad - alert not present in try editor
[INFO ] 2024-10-12 08:47:02.245 [main] LoggerLoad - New Account Created. You are logged in as DreamTeam
[INFO ] 2024-10-12 08:47:05.426 [main] LoggerLoad - New Account Created. You are logged in as DreamTeam
[INFO ] 2024-10-12 08:47:08.658 [main] LoggerLoad - New Account Created. You are logged in as DreamTeam
[INFO ] 2024-10-12 08:47:12.203 [main] LoggerLoad - New Account Created. You are logged in as DreamTeam
[ERROR] 2024-10-12 08:47:13.462 [main] LoggerLoad - alert not present in try editor
[INFO ] 2024-10-12 08:47:16.012 [main] LoggerLoad - New Account Created. You are logged in as DreamTeam
[ERROR] 2024-10-12 08:47:16.932 [main] LoggerLoad - alert not present in try editor
[INFO ] 2024-10-12 08:47:19.480 [main] LoggerLoad - New Account Created. You are logged in as DreamTeam
[INFO ] 2024-10-12 08:47:22.986 [main] LoggerLoad - New Account Created. You are logged in as DreamTeam
[INFO ] 2024-10-12 08:47:27.061 [main] LoggerLoad - New Account Created. You are logged in as DreamTeam
[INFO ] 2024-10-12 08:47:33.613 [main] LoggerLoad - New Account Created. You are logged in as DreamTeam
[ERROR] 2024-10-12 08:47:34.553 [main] LoggerLoad - alert not present in try editor
[INFO ] 2024-10-12 08:47:37.258 [main] LoggerLoad - New Account Created. You are logged in as DreamTeam
[ERROR] 2024-10-12 08:47:38.339 [main] LoggerLoad - alert not present in try editor
[INFO ] 2024-10-12 08:47:41.015 [main] LoggerLoad - New Account Created. You are logged in as DreamTeam
[INFO ] 2024-10-12 08:47:44.135 [main] LoggerLoad - New Account Created. You are logged in as DreamTeam
[INFO ] 2024-10-12 08:47:59.888 [main] LoggerLoad - New Account Created. You are logged in as DreamTeam
[INFO ] 2024-10-12 08:48:14.579 [main] LoggerLoad - New Account Created. You are logged in as DreamTeam
[INFO ] 2024-10-12 08:48:32.579 [main] LoggerLoad - New Account Created. You are logged in as DreamTeam
[INFO ] 2024-10-12 08:48:58.429 [main] LoggerLoad - New Account Created. You are logged in as DreamTeam
[INFO ] 2024-10-12 08:49:14.662 [main] LoggerLoad - New Account Created. You are logged in as DreamTeam
[INFO ] 2024-10-12 08:49:29.123 [main] LoggerLoad - New Account Created. You are logged in as DreamTeam
[INFO ] 2024-10-12 08:49:46.496 [main] LoggerLoad - New Account Created. You are logged in as DreamTeam
[INFO ] 2024-10-12 08:50:01.470 [main] LoggerLoad - New Account Created. You are logged in as DreamTeam
[INFO ] 2024-10-12 08:50:15.996 [main] LoggerLoad - New Account Created. You are logged in as DreamTeam
[INFO ] 2024-10-12 08:50:34.775 [main] LoggerLoad - New Account Created. You are logged in as DreamTeam
[INFO ] 2024-10-12 08:50:49.849 [main] LoggerLoad - New Account Created. You are logged in as DreamTeam
[INFO ] 2024-10-12 08:51:04.648 [main] LoggerLoad - New Account Created. You are logged in as DreamTeam
[INFO ] 2024-10-12 11:23:42.121 [main] LoggerLoad - New Account Created. You are logged in as DreamTeam
[INFO ] 2024-10-12 11:23:46.326 [main] LoggerLoad - New Account Created. You are logged in as DreamTeam
[INFO ] 2024-10-12 11:23:50.627 [main] LoggerLoad - New Account Created. You are logged in as DreamTeam
[INFO ] 2024-10-12 11:23:55.328 [main] LoggerLoad - New Account Created. You are logged in as DreamTeam
[ERROR] 2024-10-12 11:23:56.602 [main] LoggerLoad - alert not present in try editor
[INFO ] 2024-10-12 11:24:00.124 [main] LoggerLoad - New Account Created. You are logged in as DreamTeam
[ERROR] 2024-10-12 11:24:01.469 [main] LoggerLoad - alert not present in try editor
[INFO ] 2024-10-12 11:24:04.972 [main] LoggerLoad - New Account Created. You are logged in as DreamTeam
[INFO ] 2024-10-12 11:24:10.274 [main] LoggerLoad - New Account Created. You are logged in as DreamTeam
[INFO ] 2024-10-12 11:24:16.453 [main] LoggerLoad - New Account Created. You are logged in as DreamTeam
[INFO ] 2024-10-12 11:24:21.538 [main] LoggerLoad - New Account Created. You are logged in as DreamTeam
[INFO ] 2024-10-12 11:24:26.252 [main] LoggerLoad - New Account Created. You are logged in as DreamTeam
[INFO ] 2024-10-12 11:24:32.248 [main] LoggerLoad - New Account Created. You are logged in as DreamTeam
[INFO ] 2024-10-12 11:24:35.757 [main] LoggerLoad - New Account Created. You are logged in as DreamTeam
[INFO ] 2024-10-12 11:24:40.293 [main] LoggerLoad - New Account Created. You are logged in as DreamTeam
[ERROR] 2024-10-12 11:24:41.541 [main] LoggerLoad - alert not present in try editor
[INFO ] 2024-10-12 11:24:44.900 [main] LoggerLoad - New Account Created. You are logged in as DreamTeam
[ERROR] 2024-10-12 11:24:46.313 [main] LoggerLoad - alert not present in try editor
[INFO ] 2024-10-12 11:24:49.515 [main] LoggerLoad - New Account Created. You are logged in as DreamTeam
[INFO ] 2024-10-12 11:24:53.516 [main] LoggerLoad - New Account Created. You are logged in as DreamTeam
[INFO ] 2024-10-12 11:24:57.374 [main] LoggerLoad - New Account Created. You are logged in as DreamTeam
[INFO ] 2024-10-12 11:25:01.795 [main] LoggerLoad - New Account Created. You are logged in as DreamTeam
[ERROR] 2024-10-12 11:25:03.033 [main] LoggerLoad - alert not present in try editor
[INFO ] 2024-10-12 11:25:06.389 [main] LoggerLoad - New Account Created. You are logged in as DreamTeam
[ERROR] 2024-10-12 11:25:07.704 [main] LoggerLoad - alert not present in try editor
[INFO ] 2024-10-12 11:25:11.039 [main] LoggerLoad - New Account Created. You are logged in as DreamTeam
[INFO ] 2024-10-12 11:25:15.109 [main] LoggerLoad - New Account Created. You are logged in as DreamTeam
[INFO ] 2024-10-12 11:25:18.886 [main] LoggerLoad - New Account Created. You are logged in as DreamTeam
[INFO ] 2024-10-12 11:25:23.109 [main] LoggerLoad - New Account Created. You are logged in as DreamTeam
[ERROR] 2024-10-12 11:25:24.780 [main] LoggerLoad - alert not present in try editor
[INFO ] 2024-10-12 11:25:28.023 [main] LoggerLoad - New Account Created. You are logged in as DreamTeam
[ERROR] 2024-10-12 11:25:29.087 [main] LoggerLoad - alert not present in try editor
[INFO ] 2024-10-12 11:25:32.499 [main] LoggerLoad - New Account Created. You are logged in as DreamTeam
[INFO ] 2024-10-12 11:25:36.531 [main] LoggerLoad - New Account Created. You are logged in as DreamTeam
[INFO ] 2024-10-12 11:25:51.730 [main] LoggerLoad - New Account Created. You are logged in as DreamTeam
[INFO ] 2024-10-12 11:26:08.478 [main] LoggerLoad - New Account Created. You are logged in as DreamTeam
[INFO ] 2024-10-12 11:26:23.902 [main] LoggerLoad - New Account Created. You are logged in as DreamTeam
[INFO ] 2024-10-12 11:26:42.389 [main] LoggerLoad - New Account Created. You are logged in as DreamTeam
[INFO ] 2024-10-12 11:26:59.769 [main] LoggerLoad - New Account Created. You are logged in as DreamTeam
[INFO ] 2024-10-12 11:27:16.943 [main] LoggerLoad - New Account Created. You are logged in as DreamTeam
[INFO ] 2024-10-12 11:27:36.224 [main] LoggerLoad - New Account Created. You are logged in as DreamTeam
[INFO ] 2024-10-12 11:27:53.047 [main] LoggerLoad - New Account Created. You are logged in as DreamTeam
[INFO ] 2024-10-12 11:28:11.225 [main] LoggerLoad - New Account Created. You are logged in as DreamTeam
[INFO ] 2024-10-12 11:28:31.008 [main] LoggerLoad - New Account Created. You are logged in as DreamTeam
[INFO ] 2024-10-12 11:28:49.380 [main] LoggerLoad - New Account Created. You are logged in as DreamTeam
[INFO ] 2024-10-12 11:29:05.912 [main] LoggerLoad - New Account Created. You are logged in as DreamTeam
[INFO ] 2024-10-13 06:33:36.164 [main] LoggerLoad - New Account Created. You are logged in as DreamTeam
[INFO ] 2024-10-13 06:33:39.021 [main] LoggerLoad - New Account Created. You are logged in as DreamTeam
[INFO ] 2024-10-13 06:33:42.301 [main] LoggerLoad - New Account Created. You are logged in as DreamTeam
[INFO ] 2024-10-13 06:33:45.921 [main] LoggerLoad - New Account Created. You are logged in as DreamTeam
[ERROR] 2024-10-13 06:33:47.477 [main] LoggerLoad - alert not present in try editor
[INFO ] 2024-10-13 06:33:50.100 [main] LoggerLoad - New Account Created. You are logged in as DreamTeam
[ERROR] 2024-10-13 06:33:51.089 [main] LoggerLoad - alert not present in try editor
[INFO ] 2024-10-13 06:33:53.637 [main] LoggerLoad - New Account Created. You are logged in as DreamTeam
[INFO ] 2024-10-13 06:33:56.956 [main] LoggerLoad - New Account Created. You are logged in as DreamTeam
[INFO ] 2024-10-13 06:34:00.814 [main] LoggerLoad - New Account Created. You are logged in as DreamTeam
[INFO ] 2024-10-13 06:34:05.124 [main] LoggerLoad - New Account Created. You are logged in as DreamTeam
[INFO ] 2024-10-13 06:34:08.759 [main] LoggerLoad - New Account Created. You are logged in as DreamTeam
[INFO ] 2024-10-13 06:34:13.461 [main] LoggerLoad - New Account Created. You are logged in as DreamTeam
[INFO ] 2024-10-13 06:34:16.447 [main] LoggerLoad - New Account Created. You are logged in as DreamTeam
[INFO ] 2024-10-13 06:34:20.001 [main] LoggerLoad - New Account Created. You are logged in as DreamTeam
[ERROR] 2024-10-13 06:34:20.894 [main] LoggerLoad - alert not present in try editor
[INFO ] 2024-10-13 06:34:24.023 [main] LoggerLoad - New Account Created. You are logged in as DreamTeam
[ERROR] 2024-10-13 06:34:26.300 [main] LoggerLoad - alert not present in try editor
[INFO ] 2024-10-13 06:34:30.279 [main] LoggerLoad - New Account Created. You are logged in as DreamTeam
[INFO ] 2024-10-13 06:34:33.401 [main] LoggerLoad - New Account Created. You are logged in as DreamTeam
[INFO ] 2024-10-13 06:34:36.281 [main] LoggerLoad - New Account Created. You are logged in as DreamTeam
[INFO ] 2024-10-13 06:34:39.614 [main] LoggerLoad - New Account Created. You are logged in as DreamTeam
[ERROR] 2024-10-13 06:34:40.609 [main] LoggerLoad - alert not present in try editor
[INFO ] 2024-10-13 06:34:43.286 [main] LoggerLoad - New Account Created. You are logged in as DreamTeam
[ERROR] 2024-10-13 06:34:44.187 [main] LoggerLoad - alert not present in try editor
[INFO ] 2024-10-13 06:34:46.710 [main] LoggerLoad - New Account Created. You are logged in as DreamTeam
[INFO ] 2024-10-13 06:34:49.815 [main] LoggerLoad - New Account Created. You are logged in as DreamTeam
[INFO ] 2024-10-13 06:34:52.864 [main] LoggerLoad - New Account Created. You are logged in as DreamTeam
[INFO ] 2024-10-13 06:34:57.311 [main] LoggerLoad - New Account Created. You are logged in as DreamTeam
[ERROR] 2024-10-13 06:34:58.238 [main] LoggerLoad - alert not present in try editor
[INFO ] 2024-10-13 06:35:00.830 [main] LoggerLoad - New Account Created. You are logged in as DreamTeam
[ERROR] 2024-10-13 06:35:01.853 [main] LoggerLoad - alert not present in try editor
[INFO ] 2024-10-13 06:35:04.280 [main] LoggerLoad - New Account Created. You are logged in as DreamTeam
[INFO ] 2024-10-13 06:35:07.345 [main] LoggerLoad - New Account Created. You are logged in as DreamTeam
[INFO ] 2024-10-13 06:35:22.686 [main] LoggerLoad - New Account Created. You are logged in as DreamTeam
[INFO ] 2024-10-13 06:35:37.593 [main] LoggerLoad - New Account Created. You are logged in as DreamTeam
[INFO ] 2024-10-13 06:35:51.512 [main] LoggerLoad - New Account Created. You are logged in as DreamTeam
[INFO ] 2024-10-13 06:36:08.826 [main] LoggerLoad - New Account Created. You are logged in as DreamTeam
[INFO ] 2024-10-13 06:36:24.135 [main] LoggerLoad - New Account Created. You are logged in as DreamTeam
[INFO ] 2024-10-13 06:36:39.159 [main] LoggerLoad - New Account Created. You are logged in as DreamTeam
[INFO ] 2024-10-13 06:36:57.101 [main] LoggerLoad - New Account Created. You are logged in as DreamTeam
[INFO ] 2024-10-13 06:37:11.148 [main] LoggerLoad - New Account Created. You are logged in as DreamTeam
[INFO ] 2024-10-13 06:37:26.155 [main] LoggerLoad - New Account Created. You are logged in as DreamTeam
[INFO ] 2024-10-13 06:37:43.478 [main] LoggerLoad - New Account Created. You are logged in as DreamTeam
[INFO ] 2024-10-13 06:37:58.302 [main] LoggerLoad - New Account Created. You are logged in as DreamTeam
[INFO ] 2024-10-13 06:38:12.966 [main] LoggerLoad - New Account Created. You are logged in as DreamTeam
[INFO ] 2024-10-13 07:13:11.150 [main] LoggerLoad - New Account Created. You are logged in as DreamTeam
[INFO ] 2024-10-13 07:13:19.150 [main] LoggerLoad - New Account Created. You are logged in as DreamTeam
[INFO ] 2024-10-13 07:13:26.856 [main] LoggerLoad - New Account Created. You are logged in as DreamTeam
[INFO ] 2024-10-13 07:13:33.589 [main] LoggerLoad - New Account Created. You are logged in as DreamTeam
[INFO ] 2024-10-13 07:13:48.480 [main] LoggerLoad - New Account Created. You are logged in as DreamTeam
[INFO ] 2024-10-13 07:13:57.288 [main] LoggerLoad - New Account Created. You are logged in as DreamTeam
[INFO ] 2024-10-13 07:18:50.110 [main] LoggerLoad - New Account Created. You are logged in as DreamTeam
[INFO ] 2024-10-13 07:18:58.302 [main] LoggerLoad - New Account Created. You are logged in as DreamTeam
[INFO ] 2024-10-13 07:19:07.548 [main] LoggerLoad - New Account Created. You are logged in as DreamTeam
[INFO ] 2024-10-13 07:19:15.032 [main] LoggerLoad - New Account Created. You are logged in as DreamTeam
[INFO ] 2024-10-13 07:19:25.975 [main] LoggerLoad - New Account Created. You are logged in as DreamTeam
[INFO ] 2024-10-13 07:19:34.708 [main] LoggerLoad - New Account Created. You are logged in as DreamTeam
[INFO ] 2024-10-13 07:26:37.623 [main] LoggerLoad - New Account Created. You are logged in as DreamTeam
[INFO ] 2024-10-13 07:26:45.632 [main] LoggerLoad - New Account Created. You are logged in as DreamTeam
[INFO ] 2024-10-13 07:26:53.745 [main] LoggerLoad - New Account Created. You are logged in as DreamTeam
[INFO ] 2024-10-13 07:27:01.330 [main] LoggerLoad - New Account Created. You are logged in as DreamTeam
[INFO ] 2024-10-13 07:27:14.173 [main] LoggerLoad - New Account Created. You are logged in as DreamTeam
[INFO ] 2024-10-13 07:27:22.576 [main] LoggerLoad - New Account Created. You are logged in as DreamTeam
[INFO ] 2024-10-13 07:52:47.628 [main] LoggerLoad - New Account Created. You are logged in as DreamTeam
[INFO ] 2024-10-13 07:52:52.658 [main] LoggerLoad - New Account Created. You are logged in as DreamTeam
[INFO ] 2024-10-13 07:52:57.309 [main] LoggerLoad - New Account Created. You are logged in as DreamTeam
[INFO ] 2024-10-13 07:53:01.042 [main] LoggerLoad - New Account Created. You are logged in as DreamTeam
[INFO ] 2024-10-13 07:53:05.636 [main] LoggerLoad - New Account Created. You are logged in as DreamTeam
[INFO ] 2024-10-13 07:53:10.688 [main] LoggerLoad - New Account Created. You are logged in as DreamTeam
[INFO ] 2024-10-13 07:53:15.776 [main] LoggerLoad - New Account Created. You are logged in as DreamTeam
[INFO ] 2024-10-13 07:58:51.539 [main] LoggerLoad - New Account Created. You are logged in as DreamTeam
[INFO ] 2024-10-13 08:05:37.843 [main] LoggerLoad - New Account Created. You are logged in as DreamTeam
[INFO ] 2024-10-13 08:13:14.685 [main] LoggerLoad - New Account Created. You are logged in as DreamTeam
[INFO ] 2024-10-13 08:18:38.805 [main] LoggerLoad - New Account Created. You are logged in as DreamTeam
[INFO ] 2024-10-13 08:19:35.295 [main] LoggerLoad - New Account Created. You are logged in as DreamTeam
[INFO ] 2024-10-13 08:22:22.674 [main] LoggerLoad - New Account Created. You are logged in as DreamTeam
[INFO ] 2024-10-13 08:24:33.390 [main] LoggerLoad - New Account Created. You are logged in as DreamTeam
[INFO ] 2024-10-13 08:26:34.455 [main] LoggerLoad - New Account Created. You are logged in as DreamTeam
[INFO ] 2024-10-13 08:27:30.254 [main] LoggerLoad - New Account Created. You are logged in as DreamTeam
[INFO ] 2024-10-13 08:27:38.204 [main] LoggerLoad - New Account Created. You are logged in as DreamTeam
[INFO ] 2024-10-13 08:27:50.464 [main] LoggerLoad - New Account Created. You are logged in as DreamTeam
[INFO ] 2024-10-13 08:27:57.291 [main] LoggerLoad - New Account Created. You are logged in as DreamTeam
[INFO ] 2024-10-13 08:28:50.216 [main] LoggerLoad - New Account Created. You are logged in as DreamTeam
[INFO ] 2024-10-13 08:28:58.348 [main] LoggerLoad - New Account Created. You are logged in as DreamTeam
[INFO ] 2024-10-13 08:29:06.461 [main] LoggerLoad - New Account Created. You are logged in as DreamTeam
[INFO ] 2024-10-13 08:29:13.765 [main] LoggerLoad - New Account Created. You are logged in as DreamTeam
[INFO ] 2024-10-13 08:29:21.567 [main] LoggerLoad - New Account Created. You are logged in as DreamTeam
[INFO ] 2024-10-13 08:29:29.932 [main] LoggerLoad - New Account Created. You are logged in as DreamTeam
[INFO ] 2024-10-13 08:29:38.758 [main] LoggerLoad - New Account Created. You are logged in as DreamTeam
[INFO ] 2024-10-13 08:29:47.815 [main] LoggerLoad - New Account Created. You are logged in as DreamTeam
[INFO ] 2024-10-13 08:29:56.091 [main] LoggerLoad - New Account Created. You are logged in as DreamTeam
[INFO ] 2024-10-13 08:30:04.691 [main] LoggerLoad - New Account Created. You are logged in as DreamTeam
[INFO ] 2024-10-13 08:30:12.864 [main] LoggerLoad - New Account Created. You are logged in as DreamTeam
[INFO ] 2024-10-13 08:30:21.317 [main] LoggerLoad - New Account Created. You are logged in as DreamTeam
[INFO ] 2024-10-13 08:30:29.618 [main] LoggerLoad - New Account Created. You are logged in as DreamTeam
[INFO ] 2024-10-13 14:47:05.658 [main] LoggerLoad - New Account Created. You are logged in as DreamTeam
[INFO ] 2024-10-13 14:47:10.074 [main] LoggerLoad - New Account Created. You are logged in as DreamTeam
[INFO ] 2024-10-13 14:47:14.564 [main] LoggerLoad - New Account Created. You are logged in as DreamTeam
[INFO ] 2024-10-13 20:04:42.685 [main] LoggerLoad - New Account Created. You are logged in as DreamTeam
[INFO ] 2024-10-13 20:04:47.816 [main] LoggerLoad - New Account Created. You are logged in as DreamTeam
[INFO ] 2024-10-13 20:04:54.285 [main] LoggerLoad - New Account Created. You are logged in as DreamTeam
[INFO ] 2024-10-13 20:05:02.842 [main] LoggerLoad - New Account Created. You are logged in as DreamTeam
[ERROR] 2024-10-13 20:05:04.697 [main] LoggerLoad - alert not present in try editor
[INFO ] 2024-10-13 20:05:09.021 [main] LoggerLoad - New Account Created. You are logged in as DreamTeam
[ERROR] 2024-10-13 20:05:10.809 [main] LoggerLoad - alert not present in try editor
[INFO ] 2024-10-13 20:05:14.649 [main] LoggerLoad - New Account Created. You are logged in as DreamTeam
[INFO ] 2024-10-13 20:05:19.460 [main] LoggerLoad - New Account Created. You are logged in as DreamTeam
[INFO ] 2024-10-13 20:05:24.399 [main] LoggerLoad - New Account Created. You are logged in as DreamTeam
[INFO ] 2024-10-13 20:05:28.935 [main] LoggerLoad - New Account Created. You are logged in as DreamTeam
[INFO ] 2024-10-13 20:05:33.051 [main] LoggerLoad - New Account Created. You are logged in as DreamTeam
[INFO ] 2024-10-13 20:05:36.699 [main] LoggerLoad - New Account Created. You are logged in as DreamTeam
[INFO ] 2024-10-13 20:05:39.534 [main] LoggerLoad - New Account Created. You are logged in as DreamTeam
[INFO ] 2024-10-13 20:05:42.703 [main] LoggerLoad - New Account Created. You are logged in as DreamTeam
[ERROR] 2024-10-13 20:05:43.583 [main] LoggerLoad - alert not present in try editor
[INFO ] 2024-10-13 20:05:46.256 [main] LoggerLoad - New Account Created. You are logged in as DreamTeam
[ERROR] 2024-10-13 20:05:47.170 [main] LoggerLoad - alert not present in try editor
[INFO ] 2024-10-13 20:05:49.752 [main] LoggerLoad - New Account Created. You are logged in as DreamTeam
[INFO ] 2024-10-13 20:05:53.158 [main] LoggerLoad - New Account Created. You are logged in as DreamTeam
[INFO ] 2024-10-13 20:05:56.254 [main] LoggerLoad - New Account Created. You are logged in as DreamTeam
[INFO ] 2024-10-13 20:05:59.885 [main] LoggerLoad - New Account Created. You are logged in as DreamTeam
[ERROR] 2024-10-13 20:06:00.836 [main] LoggerLoad - alert not present in try editor
[INFO ] 2024-10-13 20:06:03.682 [main] LoggerLoad - New Account Created. You are logged in as DreamTeam
[ERROR] 2024-10-13 20:06:04.630 [main] LoggerLoad - alert not present in try editor
[INFO ] 2024-10-13 20:06:07.172 [main] LoggerLoad - New Account Created. You are logged in as DreamTeam
[INFO ] 2024-10-13 20:06:10.433 [main] LoggerLoad - New Account Created. You are logged in as DreamTeam
[INFO ] 2024-10-13 20:06:13.499 [main] LoggerLoad - New Account Created. You are logged in as DreamTeam
[INFO ] 2024-10-13 20:06:17.060 [main] LoggerLoad - New Account Created. You are logged in as DreamTeam
[ERROR] 2024-10-13 20:06:17.995 [main] LoggerLoad - alert not present in try editor
[INFO ] 2024-10-13 20:06:20.596 [main] LoggerLoad - New Account Created. You are logged in as DreamTeam
[ERROR] 2024-10-13 20:06:21.791 [main] LoggerLoad - alert not present in try editor
[INFO ] 2024-10-13 20:06:24.601 [main] LoggerLoad - New Account Created. You are logged in as DreamTeam
[INFO ] 2024-10-13 20:06:29.000 [main] LoggerLoad - New Account Created. You are logged in as DreamTeam
[INFO ] 2024-10-13 20:06:37.892 [main] LoggerLoad - New Account Created. You are logged in as DreamTeam
[INFO ] 2024-10-13 20:06:46.389 [main] LoggerLoad - New Account Created. You are logged in as DreamTeam
[INFO ] 2024-10-13 20:06:53.492 [main] LoggerLoad - New Account Created. You are logged in as DreamTeam
[INFO ] 2024-10-13 20:07:01.117 [main] LoggerLoad - New Account Created. You are logged in as DreamTeam
[INFO ] 2024-10-13 20:07:09.428 [main] LoggerLoad - New Account Created. You are logged in as DreamTeam
[INFO ] 2024-10-13 20:07:18.674 [main] LoggerLoad - New Account Created. You are logged in as DreamTeam
[INFO ] 2024-10-13 20:07:27.467 [main] LoggerLoad - New Account Created. You are logged in as DreamTeam
[INFO ] 2024-10-13 20:07:35.543 [main] LoggerLoad - New Account Created. You are logged in as DreamTeam
[INFO ] 2024-10-13 20:07:43.736 [main] LoggerLoad - New Account Created. You are logged in as DreamTeam
[INFO ] 2024-10-13 20:07:52.002 [main] LoggerLoad - New Account Created. You are logged in as DreamTeam
[INFO ] 2024-10-13 20:08:00.562 [main] LoggerLoad - New Account Created. You are logged in as DreamTeam
[INFO ] 2024-10-13 20:08:09.553 [main] LoggerLoad - New Account Created. You are logged in as DreamTeam
[INFO ] 2024-10-13 20:32:05.919 [TestNG-PoolService-4] LoggerLoad - New Account Created. You are logged in as DreamTeam
[INFO ] 2024-10-13 20:32:09.247 [TestNG-PoolService-10] LoggerLoad - New Account Created. You are logged in as DreamTeam
[INFO ] 2024-10-13 20:32:18.955 [TestNG-PoolService-7] LoggerLoad - New Account Created. You are logged in as DreamTeam
[INFO ] 2024-10-13 20:32:29.727 [TestNG-PoolService-10] LoggerLoad - New Account Created. You are logged in as DreamTeam
[INFO ] 2024-10-13 20:32:42.037 [TestNG-PoolService-10] LoggerLoad - New Account Created. You are logged in as DreamTeam
[ERROR] 2024-10-13 20:32:47.375 [TestNG-PoolService-10] LoggerLoad - alert not present in try editor
[INFO ] 2024-10-13 20:32:51.596 [TestNG-PoolService-10] LoggerLoad - New Account Created. You are logged in as DreamTeam
[ERROR] 2024-10-13 20:32:53.010 [TestNG-PoolService-10] LoggerLoad - alert not present in try editor
[INFO ] 2024-10-13 20:32:59.730 [TestNG-PoolService-10] LoggerLoad - New Account Created. You are logged in as DreamTeam
[INFO ] 2024-10-13 20:33:04.328 [TestNG-PoolService-10] LoggerLoad - New Account Created. You are logged in as DreamTeam
[INFO ] 2024-10-13 20:33:08.606 [TestNG-PoolService-10] LoggerLoad - New Account Created. You are logged in as DreamTeam
[INFO ] 2024-10-13 20:33:12.504 [TestNG-PoolService-10] LoggerLoad - New Account Created. You are logged in as DreamTeam
[ERROR] 2024-10-13 20:33:13.411 [TestNG-PoolService-10] LoggerLoad - alert not present in try editor
[INFO ] 2024-10-13 20:33:16.900 [TestNG-PoolService-10] LoggerLoad - New Account Created. You are logged in as DreamTeam
[ERROR] 2024-10-13 20:33:17.771 [TestNG-PoolService-10] LoggerLoad - alert not present in try editor
[INFO ] 2024-10-13 20:33:20.571 [TestNG-PoolService-10] LoggerLoad - New Account Created. You are logged in as DreamTeam
[INFO ] 2024-10-13 20:33:24.073 [TestNG-PoolService-10] LoggerLoad - New Account Created. You are logged in as DreamTeam
[INFO ] 2024-10-13 20:33:32.051 [TestNG-PoolService-10] LoggerLoad - New Account Created. You are logged in as DreamTeam
[INFO ] 2024-10-13 20:33:49.653 [TestNG-PoolService-10] LoggerLoad - New Account Created. You are logged in as DreamTeam
[INFO ] 2024-10-13 20:33:59.857 [TestNG-PoolService-10] LoggerLoad - New Account Created. You are logged in as DreamTeam
[INFO ] 2024-10-13 20:34:08.469 [TestNG-PoolService-10] LoggerLoad - New Account Created. You are logged in as DreamTeam
[INFO ] 2024-10-13 20:34:16.947 [TestNG-PoolService-10] LoggerLoad - New Account Created. You are logged in as DreamTeam
[INFO ] 2024-10-13 20:34:26.294 [TestNG-PoolService-10] LoggerLoad - New Account Created. You are logged in as DreamTeam
[INFO ] 2024-10-13 20:34:35.978 [TestNG-PoolService-10] LoggerLoad - New Account Created. You are logged in as DreamTeam
[INFO ] 2024-10-13 20:34:45.512 [TestNG-PoolService-10] LoggerLoad - New Account Created. You are logged in as DreamTeam
[INFO ] 2024-10-13 20:34:53.991 [TestNG-PoolService-10] LoggerLoad - New Account Created. You are logged in as DreamTeam
[INFO ] 2024-10-13 20:35:03.101 [TestNG-PoolService-10] LoggerLoad - New Account Created. You are logged in as DreamTeam
[INFO ] 2024-10-13 20:35:07.459 [TestNG-PoolService-2] LoggerLoad - New Account Created. You are logged in as DreamTeam
[INFO ] 2024-10-13 20:35:07.461 [TestNG-PoolService-9] LoggerLoad - New Account Created. You are logged in as DreamTeam
[INFO ] 2024-10-13 21:30:41.094 [TestNG-PoolService-5] LoggerLoad - New Account Created. You are logged in as DreamTeam
[INFO ] 2024-10-13 21:30:44.278 [TestNG-PoolService-1] LoggerLoad - New Account Created. You are logged in as DreamTeam
[INFO ] 2024-10-13 21:30:44.536 [TestNG-PoolService-4] LoggerLoad - New Account Created. You are logged in as DreamTeam
[INFO ] 2024-10-13 21:30:45.656 [TestNG-PoolService-7] LoggerLoad - New Account Created. You are logged in as DreamTeam
[INFO ] 2024-10-13 21:30:49.182 [TestNG-PoolService-9] LoggerLoad - New Account Created. You are logged in as DreamTeam
[INFO ] 2024-10-13 21:31:05.048 [TestNG-PoolService-2] LoggerLoad - New Account Created. You are logged in as DreamTeam
[INFO ] 2024-10-13 21:31:23.361 [TestNG-PoolService-5] LoggerLoad - New Account Created. You are logged in as DreamTeam
[INFO ] 2024-10-13 21:31:27.313 [TestNG-PoolService-1] LoggerLoad - New Account Created. You are logged in as DreamTeam
[INFO ] 2024-10-13 21:32:05.185 [TestNG-PoolService-1] LoggerLoad - New Account Created. You are logged in as DreamTeam
[INFO ] 2024-10-13 21:32:09.306 [TestNG-PoolService-1] LoggerLoad - New Account Created. You are logged in as DreamTeam
[INFO ] 2024-10-13 21:32:13.138 [TestNG-PoolService-1] LoggerLoad - New Account Created. You are logged in as DreamTeam
[INFO ] 2024-10-13 21:32:18.400 [TestNG-PoolService-1] LoggerLoad - New Account Created. You are logged in as DreamTeam
[ERROR] 2024-10-13 21:32:19.804 [TestNG-PoolService-1] LoggerLoad - alert not present in try editor
[INFO ] 2024-10-13 21:32:23.083 [TestNG-PoolService-1] LoggerLoad - New Account Created. You are logged in as DreamTeam
[ERROR] 2024-10-13 21:32:24.286 [TestNG-PoolService-1] LoggerLoad - alert not present in try editor
[INFO ] 2024-10-13 21:32:27.459 [TestNG-PoolService-1] LoggerLoad - New Account Created. You are logged in as DreamTeam
[INFO ] 2024-10-13 21:32:32.241 [TestNG-PoolService-1] LoggerLoad - New Account Created. You are logged in as DreamTeam
[INFO ] 2024-10-13 21:32:41.536 [TestNG-PoolService-1] LoggerLoad - New Account Created. You are logged in as DreamTeam
[INFO ] 2024-10-13 21:32:50.760 [TestNG-PoolService-1] LoggerLoad - New Account Created. You are logged in as DreamTeam
[INFO ] 2024-10-13 21:32:58.994 [TestNG-PoolService-1] LoggerLoad - New Account Created. You are logged in as DreamTeam
[INFO ] 2024-10-13 21:33:08.269 [TestNG-PoolService-1] LoggerLoad - New Account Created. You are logged in as DreamTeam
[INFO ] 2024-10-13 21:33:17.931 [TestNG-PoolService-1] LoggerLoad - New Account Created. You are logged in as DreamTeam
[INFO ] 2024-10-13 21:33:27.661 [TestNG-PoolService-1] LoggerLoad - New Account Created. You are logged in as DreamTeam
[INFO ] 2024-10-13 21:33:37.974 [TestNG-PoolService-1] LoggerLoad - New Account Created. You are logged in as DreamTeam
[INFO ] 2024-10-13 21:33:47.594 [TestNG-PoolService-1] LoggerLoad - New Account Created. You are logged in as DreamTeam
[INFO ] 2024-10-13 23:31:13.175 [main] LoggerLoad - New Account Created. You are logged in as DreamTeam
[INFO ] 2024-10-13 23:32:35.240 [TestNG-PoolService-1] LoggerLoad - New Account Created. You are logged in as DreamTeam
[INFO ] 2024-10-13 23:41:05.563 [TestNG-PoolService-3] LoggerLoad - New Account Created. You are logged in as DreamTeam
[INFO ] 2024-10-13 23:41:05.582 [TestNG-PoolService-1] LoggerLoad - New Account Created. You are logged in as DreamTeam
[INFO ] 2024-10-14 14:31:25.990 [main] LoggerLoad - New Account Created. You are logged in as DreamTeam
[INFO ] 2024-10-14 14:31:34.847 [main] LoggerLoad - New Account Created. You are logged in as DreamTeam
[INFO ] 2024-10-14 14:31:43.264 [main] LoggerLoad - New Account Created. You are logged in as DreamTeam
[INFO ] 2024-10-14 14:31:50.542 [main] LoggerLoad - New Account Created. You are logged in as DreamTeam
[INFO ] 2024-10-14 14:31:58.571 [main] LoggerLoad - New Account Created. You are logged in as DreamTeam
[INFO ] 2024-10-14 14:32:07.579 [main] LoggerLoad - New Account Created. You are logged in as DreamTeam
[INFO ] 2024-10-14 14:32:16.373 [main] LoggerLoad - New Account Created. You are logged in as DreamTeam
[INFO ] 2024-10-14 14:32:24.650 [main] LoggerLoad - New Account Created. You are logged in as DreamTeam
[INFO ] 2024-10-14 14:32:35.073 [main] LoggerLoad - New Account Created. You are logged in as DreamTeam
[INFO ] 2024-10-14 14:32:43.987 [main] LoggerLoad - New Account Created. You are logged in as DreamTeam
[INFO ] 2024-10-14 14:33:00.231 [main] LoggerLoad - New Account Created. You are logged in as DreamTeam
[INFO ] 2024-10-14 14:33:11.344 [main] LoggerLoad - New Account Created. You are logged in as DreamTeam
[INFO ] 2024-10-14 14:33:20.124 [main] LoggerLoad - New Account Created. You are logged in as DreamTeam
[INFO ] 2024-10-17 22:08:23.385 [TestNG-tests-1] LoggerLoad - New Account Created. You are logged in as DreamTeam
[INFO ] 2024-10-17 22:08:28.026 [TestNG-tests-1] LoggerLoad - New Account Created. You are logged in as DreamTeam
[INFO ] 2024-10-17 22:10:09.900 [TestNG-tests-1] LoggerLoad - New Account Created. You are logged in as DreamTeam
